base
derived
derived
base
derived
derived
derived2
base
derived2
