T_DOUBLELITERAL 92.
+
T_INTLITERAL 14
-
(
T_DOUBLELITERAL 20.e10
/
T_ID e10
*
T_DOUBLELITERAL 9.2e99
)