true == true!
true != false!
false == false!
false != true!
