1
2
3
4
5
6
7
-234
5
39
-402
35
1035
true
true
true
false
false
true
false
true
true
true
false
true
true
false
true
-7699
-485363
-745105
-60424
0
90
1120
true
true
true
true
