-890.88299561
0.00000000
-12624.92968750
1698.26074219
