-8783.12109375
-12002743.00000000
-1002828.56250000
