entering method a of A
inside method c of Z
exiting method a of A
