entering method b of A
entering method a of A
entering method b of A
entering method a of A
7
