entering method b of A
inside method c of Z
entering method a of A
inside method c of Z
entering method b of A
inside method c of Z
Value of counter is: 3
