entering method a of A
Value of counter is: 1
Value of counter is: 0
