entering method c of Z
entering method a of A
Value of counter is: 1
