4
0
3
1
2
New SCC component
4
--------------
New SCC component
1
2
0
--------------
New SCC component
3
--------------
