i 0
j 0
0
1
2
i 1
j 0
0
1
2
j 1
0
1
2
i 2
j 0
0
1
2
j 1
0
1
2
j 2
0
1
2
