Write 0th edge:
Write 1th edge:
Write 2th edge:
Distance of 0th node: 0
Distance of 1th node: 3
Distance of 2th node: 9
