local value of x is true
global value of x is 100
