1
0
0
true
false
false
3
2
3
6
5.00000000
10.00000000
2.00000000
1.25000000
3
