hey
huy
huy
huy
huy
huy
hey
huy
hoy
hoy
hoy
